[backblue.gif]
[fade.gif]
[index.html]
[localhost_8080/portfolio/feed/index.html]
[localhost_8080/portfolio/comments/feed/index.html]
[localhost_8080/portfolio/wp-includes/js/jquery/jquery.minf43b.js]
[localhost_8080/portfolio/wp-includes/js/jquery/jquery-migrate.min5589.js]
[localhost_8080/portfolio/wp-content/plugins/woocommerce/assets/js/jquery-blockui/jquery.blockUI.minac72.js]
[localhost_8080/portfolio/wp-content/plugins/woocommerce/assets/js/frontend/add-to-cart.min9b80.js]
[localhost_8080/portfolio/wp-content/plugins/woocommerce/assets/js/js-cookie/js.cookie.minde0b.js]
[localhost_8080/portfolio/wp-content/plugins/woocommerce/assets/js/frontend/woocommerce.min9b80.js]
[localhost_8080/portfolio/wp-json/index.html]
[localhost_8080/portfolio/wp-json/wp/v2/pages/292.json]
[localhost_8080/portfolio/xmlrpc0db0.php]
[localhost_8080/portfolio/wp-json/oembed/1.0/embedfe53.json]
[localhost_8080/portfolio/wp-json/oembed/1.0/embed955e]
[cdn.jsdelivr.net/npm/bootstrap@5.3.0-alpha1/dist/css/bootstrap.min.css]
[cdn.jsdelivr.net/npm/bootstrap@5.3.0-alpha1/dist/js/bootstrap.bundle.min.js]
[localhost_8080/portfolio/wp-content/plugins/chaty/js/cht-front-script.min6a1f.js]
[localhost_8080/portfolio/wp-content/plugins/contact-form-7/includes/swv/js/index6dcf.js]
[localhost_8080/portfolio/wp-content/plugins/contact-form-7/includes/js/index6dcf.js]
[localhost_8080/portfolio/wp-content/plugins/woocommerce/assets/js/sourcebuster/sourcebuster.min9b80.js]
[localhost_8080/portfolio/wp-content/plugins/woocommerce/assets/js/frontend/order-attribution.min9b80.js]
[localhost_8080/portfolio/wp-content/themes/Xtra-4.4.7_working_with_all_demos-1/assets/js/custom946e.js]
[localhost_8080/portfolio/wp-content/themes/Xtra-4.4.7_working_with_all_demos-1/assets/js/sticky946e.js]
[localhost_8080/portfolio/wp-content/themes/Xtra-4.4.7_working_with_all_demos-1/assets/js/loading946e.js]
[localhost_8080/portfolio/wp-content/plugins/codevz-plus/assets/js/codevzplus946e.js]
[localhost_8080/portfolio/wp-content/plugins/codevz-plus/assets/js/woocommerce946e.js]
[localhost_8080/portfolio/wp-content/plugins/codevz-plus/assets/js/share946e.js]
[localhost_8080/portfolio/wp-content/plugins/codevz-plus/assets/js/mobile-nav946e.js]
[localhost_8080/portfolio/wp-content/plugins/codevz-plus/wpbakery/assets/js/gallery946e.js]
[localhost_8080/portfolio/wp-content/plugins/codevz-plus/wpbakery/assets/js/carousel946e.js]
[localhost_8080/portfolio/wp-content/plugins/codevz-plus/assets/js/parallax946e.js]
[localhost_8080/portfolio/wp-content/plugins/codevz-plus/elementor/assets/js/elementor946e.js]
[localhost_8080/portfolio/wp-content/plugins/elementor/assets/js/webpack.runtime.minc226.js]
[localhost_8080/portfolio/wp-content/plugins/elementor/assets/js/frontend-modules.minc226.js]
[localhost_8080/portfolio/wp-content/plugins/elementor/assets/lib/waypoints/waypoints.min05da.js]
[localhost_8080/portfolio/wp-includes/js/jquery/ui/core.min3f14.js]
[localhost_8080/portfolio/wp-content/plugins/elementor/assets/js/frontend.minc226.js]
[localhost_8080/portfolio/index.html]
[localhost_8080/portfolio/wp-content/themes/Xtra-4.4.7_working_with_all_demos-1/assets/css/blocks84fc.css]
[localhost_8080/portfolio/wp-content/plugins/chaty/images/whatsapp.png]
[localhost_8080/portfolio/wp-content/plugins/chaty/images/header-top.png]
[localhost_8080/portfolio/wp-content/plugins/chaty/images/header-bottom.png]
[localhost_8080/portfolio/wp-content/plugins/chaty/css/chaty-front.min6a1f.css]
[localhost_8080/portfolio/wp-content/plugins/codevz-plus/admin/assets/css/font-awesome/css/v4-shims.minaec5.css]
[localhost_8080/portfolio/wp-content/plugins/codevz-plus/admin/assets/css/font-awesome/webfonts/fa-brands-400.eot]
[localhost_8080/portfolio/wp-content/plugins/codevz-plus/admin/assets/css/font-awesome/webfonts/fa-brands-400.woff2]
[localhost_8080/portfolio/wp-content/plugins/codevz-plus/admin/assets/css/font-awesome/webfonts/fa-brands-400d41d.eot]
[localhost_8080/portfolio/wp-content/plugins/codevz-plus/admin/assets/css/font-awesome/webfonts/fa-brands-400.woff]
[localhost_8080/portfolio/wp-content/plugins/codevz-plus/admin/assets/css/font-awesome/webfonts/fa-brands-400.ttf]
[localhost_8080/portfolio/wp-content/plugins/codevz-plus/admin/assets/css/font-awesome/webfonts/fa-regular-400.eot]
[localhost_8080/portfolio/wp-content/plugins/codevz-plus/admin/assets/css/font-awesome/webfonts/fa-regular-400.woff2]
[localhost_8080/portfolio/wp-content/plugins/codevz-plus/admin/assets/css/font-awesome/webfonts/fa-regular-400d41d.eot]
[localhost_8080/portfolio/wp-content/plugins/codevz-plus/admin/assets/css/font-awesome/webfonts/fa-regular-400.woff]
[localhost_8080/portfolio/wp-content/plugins/codevz-plus/admin/assets/css/font-awesome/webfonts/fa-regular-400.ttf]
[localhost_8080/portfolio/wp-content/plugins/codevz-plus/admin/assets/css/font-awesome/webfonts/fa-solid-900.eot]
[localhost_8080/portfolio/wp-content/plugins/codevz-plus/admin/assets/css/font-awesome/webfonts/fa-solid-900.woff2]
[localhost_8080/portfolio/wp-content/plugins/codevz-plus/admin/assets/css/font-awesome/webfonts/fa-solid-900d41d.eot]
[localhost_8080/portfolio/wp-content/plugins/codevz-plus/admin/assets/css/font-awesome/webfonts/fa-solid-900.woff]
[localhost_8080/portfolio/wp-content/plugins/codevz-plus/admin/assets/css/font-awesome/webfonts/fa-solid-900.ttf]
[localhost_8080/portfolio/wp-content/plugins/codevz-plus/admin/assets/css/font-awesome/css/all.minaec5.css]
[localhost_8080/portfolio/wp-content/plugins/codevz-plus/admin/fields/codevz_fields/icons/czicons.eot]
[localhost_8080/portfolio/wp-content/plugins/codevz-plus/admin/fields/codevz_fields/icons/czicons.woff2]
[localhost_8080/portfolio/wp-content/plugins/codevz-plus/admin/fields/codevz_fields/icons/czicons.woff]
[localhost_8080/portfolio/wp-content/plugins/codevz-plus/admin/fields/codevz_fields/icons/czicons.ttf]
[localhost_8080/portfolio/wp-content/plugins/codevz-plus/admin/fields/codevz_fields/icons/czicons946e.css]
[localhost_8080/portfolio/wp-content/plugins/contact-form-7/includes/css/styles6dcf.css]
[localhost_8080/portfolio/wp-content/plugins/woocommerce/assets/css/woocommerce-layout9b80.css]
[localhost_8080/portfolio/wp-content/plugins/woocommerce/assets/css/woocommerce-smallscreen9b80.css]
[localhost_8080/portfolio/wp-content/plugins/woocommerce/assets/fonts/star.eot]
[localhost_8080/portfolio/wp-content/plugins/woocommerce/assets/fonts/stard41d.eot]
[localhost_8080/portfolio/wp-content/plugins/woocommerce/assets/fonts/star.woff]
[localhost_8080/portfolio/wp-content/plugins/woocommerce/assets/fonts/star.ttf]
[localhost_8080/portfolio/wp-content/plugins/woocommerce/assets/fonts/WooCommerce.eot]
[localhost_8080/portfolio/wp-content/plugins/woocommerce/assets/fonts/WooCommerce.woff]
[localhost_8080/portfolio/wp-content/plugins/woocommerce/assets/fonts/WooCommerce.ttf]
[localhost_8080/portfolio/wp-content/plugins/woocommerce/assets/fonts/WooCommerced41d.eot]
[localhost_8080/portfolio/wp-content/plugins/woocommerce/assets/css/woocommerce9b80.css]
[localhost_8080/portfolio/wp-content/themes/Xtra-4.4.7_working_with_all_demos-1/assets/css/core946e.css]
[localhost_8080/portfolio/wp-content/themes/Xtra-4.4.7_working_with_all_demos-1/assets/css/core-laptop946e.css]
[localhost_8080/portfolio/wp-content/themes/Xtra-4.4.7_working_with_all_demos-1/assets/css/core-tablet946e.css]
[localhost_8080/portfolio/wp-content/themes/Xtra-4.4.7_working_with_all_demos-1/assets/css/core-mobile946e.css]
[localhost_8080/portfolio/wp-content/themes/Xtra-4.4.7_working_with_all_demos-1/assets/css/loading946e.css]
[localhost_8080/portfolio/wp-content/plugins/codevz-plus/assets/css/woocommerce946e.css]
[localhost_8080/portfolio/wp-content/plugins/codevz-plus/assets/css/share946e.css]
[localhost_8080/portfolio/wp-content/plugins/codevz-plus/assets/css/mobile-nav946e.css]
[localhost_8080/portfolio/wp-content/plugins/codevz-plus/assets/css/codevzplus946e.css]
[localhost_8080/portfolio/wp-content/plugins/codevz-plus/assets/css/codevzplus-tablet946e.css]
[localhost_8080/portfolio/wp-content/plugins/codevz-plus/assets/css/codevzplus-mobile946e.css]
[localhost_8080/portfolio/wp-content/plugins/elementor/assets/css/frontend-lite.minc226.css]
[localhost_8080/portfolio/wp-content/plugins/elementor/assets/lib/swiper/v8/css/swiper.min94a4.css]
[localhost_8080/portfolio/wp-content/uploads/elementor/css/post-885a7e5.css]
[localhost_8080/portfolio/wp-content/uploads/elementor/css/global85fd.css]
[localhost_8080/portfolio/wp-content/uploads/elementor/css/post-292239e.css]
[localhost_8080/portfolio/wp-content/plugins/codevz-plus/assets/css/elementor946e.css]
[localhost_8080/portfolio/wp-json/wp/v2/pages/6.json]
[localhost_8080/portfolio/wp-json/oembed/1.0/embed6670.json]
[localhost_8080/portfolio/wp-json/oembed/1.0/embedf1d6]
[localhost_8080/portfolio/wp-content/plugins/codevz-plus/wpbakery/assets/js/image946e.js]
[localhost_8080/portfolio/wp-content/plugins/codevz-plus/assets/js/tilt946e.js]
[localhost_8080/portfolio/wp-content/plugins/codevz-plus/wpbakery/assets/js/particles946e.js]
[localhost_8080/portfolio/wp-content/plugins/codevz-plus/wpbakery/assets/js/counter946e.js]
[localhost_8080/portfolio/wp-content/plugins/codevz-plus/wpbakery/assets/js/progress_bar946e.js]
[localhost_8080/portfolio/about/index.html]
[localhost_8080/portfolio/works/feed/index.html]
[localhost_8080/portfolio/wp-content/uploads/2024/03/Captureaqq.png]
[localhost_8080/portfolio/wp-content/uploads/2024/03/ar1.png]
[localhost_8080/portfolio/wp-content/uploads/2024/03/zoko.png]
[localhost_8080/portfolio/wp-content/uploads/2024/03/Capturewael.png]
[localhost_8080/portfolio/wp-content/uploads/2024/02/img53.jpg]
[localhost_8080/portfolio/wp-content/uploads/2024/02/Captureace.png]
[localhost_8080/portfolio/wp-content/uploads/2024/02/Capturecd.png]
[localhost_8080/portfolio/wp-content/uploads/2024/02/oral2.png]
[localhost_8080/portfolio/wp-content/uploads/2024/02/Capturefrr.png]
[localhost_8080/portfolio/wp-content/uploads/2019/06/img19-1.jpg]
[localhost_8080/portfolio/wp-content/uploads/2019/06/FireShot-Capture-002-Next-69-www.next69.online.png]
[localhost_8080/portfolio/wp-content/uploads/2019/06/qurant.png]
[localhost_8080/portfolio/works/index.html]
[localhost_8080/portfolio/wp-json/wp/v2/portfolio/937.json]
[localhost_8080/portfolio/wp-json/oembed/1.0/embed3d5a.json]
[localhost_8080/portfolio/wp-json/oembed/1.0/embed4a9f]
[localhost_8080/portfolio/works/nadine-gems/index.html]
[localhost_8080/portfolio/wp-json/wp/v2/portfolio/934.json]
[localhost_8080/portfolio/wp-json/oembed/1.0/embed5a81.json]
[localhost_8080/portfolio/wp-json/oembed/1.0/embed627b]
[localhost_8080/portfolio/wp-content/uploads/2024/03/img72.jpg]
[localhost_8080/portfolio/wp-content/uploads/2024/03/img73.jpg]
[localhost_8080/portfolio/wp-content/uploads/2024/03/img74.jpg]
[localhost_8080/portfolio/wp-content/uploads/2024/03/img75.jpg]
[localhost_8080/portfolio/works/quran-talent/index.html]
[localhost_8080/portfolio/wp-json/wp/v2/portfolio/945.json]
[localhost_8080/portfolio/wp-json/oembed/1.0/embedf2e4.json]
[localhost_8080/portfolio/wp-json/oembed/1.0/embedce14]
[localhost_8080/portfolio/wp-content/uploads/2019/06/guzel.png]
[localhost_8080/portfolio/wp-content/uploads/2019/06/guzel2.png]
[localhost_8080/portfolio/wp-content/uploads/2019/06/guzel3.png]
[localhost_8080/portfolio/works/guzel-shoes-store/index.html]
[localhost_8080/portfolio/wp-json/wp/v2/portfolio/935.json]
[localhost_8080/portfolio/wp-json/oembed/1.0/embeddd7f.json]
[localhost_8080/portfolio/wp-json/oembed/1.0/embeda53b]
[localhost_8080/portfolio/wp-content/uploads/2024/03/img43.jpg]
[localhost_8080/portfolio/wp-content/uploads/2024/03/img44.jpg]
[localhost_8080/portfolio/wp-content/uploads/2024/03/img45.jpg]
[localhost_8080/portfolio/wp-content/uploads/2024/03/img46.jpg]
[localhost_8080/portfolio/wp-content/uploads/2024/03/img47.jpg]
[localhost_8080/portfolio/wp-content/uploads/2024/03/img48.jpg]
[localhost_8080/portfolio/works/doro-crypto/index.html]
[localhost_8080/portfolio/blog/index.html]
[localhost_8080/portfolio/wp-content/plugins/codevz-plus/wpbakery/assets/js/popup946e.js]
[localhost_8080/portfolio/shop/index.html]
[localhost_8080/portfolio/wp-json/wp/v2/pages/18.json]
[localhost_8080/portfolio/wp-json/oembed/1.0/embed50ce.json]
[localhost_8080/portfolio/wp-json/oembed/1.0/embed7bb1]
[localhost_8080/portfolio/shop/feed/index.html]
[localhost_8080/portfolio/contact/index.html]
[localhost_8080/portfolio/wp-json/wp/v2/portfolio/1364.json]
[localhost_8080/portfolio/wp-json/oembed/1.0/embedaea4.json]
[localhost_8080/portfolio/wp-json/oembed/1.0/embedf430]
[localhost_8080/portfolio/works/rawa-trends/index.html]
[localhost_8080/portfolio/wp-json/wp/v2/portfolio/1352.json]
[localhost_8080/portfolio/wp-json/oembed/1.0/embed5896.json]
[localhost_8080/portfolio/wp-json/oembed/1.0/embed4f74]
[localhost_8080/portfolio/wp-content/uploads/2024/03/ar5.png]
[localhost_8080/portfolio/wp-content/uploads/2024/03/ar4.png]
[localhost_8080/portfolio/wp-content/uploads/2024/03/ar3.png]
[localhost_8080/portfolio/wp-content/uploads/2024/03/ar2.png]
[localhost_8080/portfolio/wp-content/uploads/2024/03/ar1-1.png]
[localhost_8080/portfolio/works/aradhya-solutions/index.html]
[localhost_8080/portfolio/wp-json/wp/v2/portfolio/1346.json]
[localhost_8080/portfolio/wp-json/oembed/1.0/embeda291.json]
[localhost_8080/portfolio/wp-json/oembed/1.0/embed7229]
[localhost_8080/portfolio/wp-content/uploads/2024/03/img77.jpg]
[localhost_8080/portfolio/wp-content/uploads/2024/03/img78.jpg]
[localhost_8080/portfolio/wp-content/uploads/2024/03/img79.jpg]
[localhost_8080/portfolio/wp-content/uploads/2024/03/img80.jpg]
[localhost_8080/portfolio/works/zoukora/index.html]
[localhost_8080/portfolio/wp-json/wp/v2/portfolio/1298.json]
[localhost_8080/portfolio/wp-json/oembed/1.0/embedfb2c.json]
[localhost_8080/portfolio/wp-json/oembed/1.0/embedeb9b]
[localhost_8080/portfolio/wp-content/uploads/2024/03/FireShot-Capture-021-WAEL-ABDEL-WAHAB-waelabdelwahab.com_.jpg]
[localhost_8080/portfolio/wp-content/uploads/2024/03/FireShot-Capture-020-WAEL-ABDEL-WAHAB-waelabdelwahab.com_.jpg]
[localhost_8080/portfolio/wp-content/uploads/2024/03/FireShot-Capture-019-WAEL-ABDEL-WAHAB-waelabdelwahab.com_.jpg]
[localhost_8080/portfolio/wp-content/uploads/2024/03/Capturev.png]
[localhost_8080/portfolio/works/c-wael-abdelwahab/index.html]
[localhost_8080/portfolio/wp-json/wp/v2/portfolio/1153.json]
[localhost_8080/portfolio/wp-json/oembed/1.0/embeda6c0.json]
[localhost_8080/portfolio/wp-json/oembed/1.0/embedee7f]
[localhost_8080/portfolioo/wp-content/uploads/2024/02/img53.jpg]
[localhost_8080/portfolioo/wp-content/uploads/2024/02/img54.jpg]
[localhost_8080/portfolioo/wp-content/uploads/2024/02/img55.jpg]
[localhost_8080/portfolioo/wp-content/uploads/2024/02/img56.jpg]
[localhost_8080/portfolio/works/coach-sayed-salem/index.html]
[localhost_8080/portfolio/wp-json/wp/v2/portfolio/1140.json]
[localhost_8080/portfolio/wp-json/oembed/1.0/embed5a2f.json]
[localhost_8080/portfolio/wp-json/oembed/1.0/embede1c8]
[localhost_8080/portfolio/works/coach-alaa/index.html]
[localhost_8080/portfolio/wp-json/wp/v2/portfolio/1127.json]
[localhost_8080/portfolio/wp-json/oembed/1.0/embed10b2.json]
[localhost_8080/portfolio/wp-json/oembed/1.0/embedbb0a]
[localhost_8080/portfolio/works/hub-of-innovators/index.html]
[localhost_8080/portfolio/wp-json/wp/v2/portfolio/1118.json]
[localhost_8080/portfolio/wp-json/oembed/1.0/embed4c6f.json]
[localhost_8080/portfolio/wp-json/oembed/1.0/embed327d]
[localhost_8080/portfolio/works/oralxylitol/index.html]
[localhost_8080/portfolio/wp-json/wp/v2/portfolio/1102.json]
[localhost_8080/portfolio/wp-json/oembed/1.0/embed9e29.json]
[localhost_8080/portfolio/wp-json/oembed/1.0/embedbf8b]
[localhost_8080/portfolio/works/sofipack/index.html]
[localhost_8080/portfolio/wp-json/wp/v2/portfolio/943.json]
[localhost_8080/portfolio/wp-json/oembed/1.0/embeddf28.json]
[localhost_8080/portfolio/wp-json/oembed/1.0/embed447b]
[localhost_8080/portfolio/works/c-ali-ezz-gym-coach/index.html]
[localhost_8080/portfolio/wp-json/wp/v2/portfolio/942.json]
[localhost_8080/portfolio/wp-json/oembed/1.0/embedb65b.json]
[localhost_8080/portfolio/wp-json/oembed/1.0/embed5217]
[localhost_8080/portfolio/works/realistic-tablet-mockup/index.html]
[localhost_8080/portfolio/wp-json/wp/v2/portfolio/936.json]
[localhost_8080/portfolio/wp-json/oembed/1.0/embedebf4.json]
[localhost_8080/portfolio/wp-json/oembed/1.0/embed82a5]
[localhost_8080/portfolio/works/xvendo/index.html]
[localhost_8080/portfolio/wp-json/wp/v2/portfolio/939.json]
[localhost_8080/portfolio/wp-json/oembed/1.0/embede32e.json]
[localhost_8080/portfolio/wp-json/oembed/1.0/embed6ec6]
[localhost_8080/portfolio/works/sypron-solutions/index.html]
[localhost_8080/portfolio/wp-json/wp/v2/portfolio/938.json]
[localhost_8080/portfolio/wp-json/oembed/1.0/embed3ed2.json]
[localhost_8080/portfolio/wp-json/oembed/1.0/embedffb2]
[localhost_8080/portfolio/wp-content/uploads/2019/06/disruptive4.png]
[localhost_8080/portfolio/wp-content/uploads/2019/06/disruptive3.png]
[localhost_8080/portfolio/wp-content/uploads/2019/06/disruptive2.png]
[localhost_8080/portfolio/wp-content/uploads/2019/06/disruptive1.png]
[localhost_8080/portfolio/works/disruptive-mobility/index.html]
[localhost_8080/portfolio/wp-json/wp/v2/portfolio/940.json]
[localhost_8080/portfolio/wp-json/oembed/1.0/embed45b6.json]
[localhost_8080/portfolio/wp-json/oembed/1.0/embed8ef0]
[localhost_8080/portfolio/wp-content/uploads/2024/03/mor3.png]
[localhost_8080/portfolio/wp-content/uploads/2024/03/mor4.png]
[localhost_8080/portfolio/wp-content/uploads/2024/03/mor2.png]
[localhost_8080/portfolio/works/morocco-gate/index.html]
[localhost_8080/portfolio/wp-json/wp/v2/portfolio/941.json]
[localhost_8080/portfolio/wp-json/oembed/1.0/embed8ef9.json]
[localhost_8080/portfolio/wp-json/oembed/1.0/embedc772]
[localhost_8080/portfolio/wp-content/uploads/2024/03/sahm3.png]
[localhost_8080/portfolio/wp-content/uploads/2024/03/sahm2.png]
[localhost_8080/portfolio/wp-content/uploads/2024/03/sahm1.png]
[localhost_8080/portfolio/works/sahm-elnakaa/index.html]
[localhost_8080/portfolio/wp-json/wp/v2/portfolio/944.json]
[localhost_8080/portfolio/wp-json/oembed/1.0/embede293.json]
[localhost_8080/portfolio/wp-json/oembed/1.0/embedc97e]
[localhost_8080/portfolio/wp-content/uploads/2019/01/alkhabar5.png]
[localhost_8080/portfolio/wp-content/uploads/2019/01/allhabar4.png]
[localhost_8080/portfolio/wp-content/uploads/2019/01/alkhabar3.png]
[localhost_8080/portfolio/wp-content/uploads/2019/01/alkhabar2.png]
[localhost_8080/portfolio/wp-content/uploads/2019/01/alkhabar1.png]
[localhost_8080/portfolio/works/alkhabar-alyoum/index.html]
[localhost_8080/portfolio/wp-json/wp/v2/portfolio_cat/95.json]
[localhost_8080/portfolio/works/cat/news/feed/index.html]
[localhost_8080/portfolio/works/cat/news/index.html]
[localhost_8080/portfolio/wp-json/wp/v2/portfolio_cat/100.json]
[localhost_8080/portfolio/works/cat/salesforce/feed/index.html]
[localhost_8080/portfolio/works/cat/salesforce/index.html]
[localhost_8080/portfolio/wp-json/wp/v2/portfolio_cat/94.json]
[localhost_8080/portfolio/works/cat/medical/feed/index.html]
[localhost_8080/portfolio/works/cat/medical/index.html]
[localhost_8080/portfolio/works/cat/gym-fitness/feed/index.html]
[localhost_8080/portfolio/wp-json/wp/v2/portfolio_cat/92.json]
[localhost_8080/portfolio/works/cat/gym-fitness/index.html]
[localhost_8080/portfolio/wp-json/wp/v2/portfolio_cat/96.json]
[localhost_8080/portfolio/works/cat/packing/feed/index.html]
[localhost_8080/portfolio/works/cat/packing/index.html]
[localhost_8080/portfolio/wp-json/wp/v2/portfolio_cat/91.json]
[localhost_8080/portfolio/works/cat/fashion-ecommerce/feed/index.html]
[localhost_8080/portfolio/wp-content/uploads/2019/06/xvendo1-1.png]
[localhost_8080/portfolio/wp-content/uploads/2019/06/Capturecq.png]
[localhost_8080/portfolio/works/cat/fashion-ecommerce/index.html]
[localhost_8080/portfolio/wp-json/wp/v2/portfolio_cat/97.json]
[localhost_8080/portfolio/works/cat/religious/feed/index.html]
[localhost_8080/portfolio/works/cat/religious/index.html]
[localhost_8080/portfolio/wp-json/wp/v2/portfolio_cat/89.json]
[localhost_8080/portfolio/works/cat/crypto/feed/index.html]
[localhost_8080/portfolio/wp-content/uploads/2019/06/doro.png]
[localhost_8080/portfolio/works/cat/crypto/index.html]
[localhost_8080/portfolio/wp-json/wp/v2/portfolio_cat/98.json]
[localhost_8080/portfolio/works/cat/smart-mobility/feed/index.html]
[localhost_8080/portfolio/wp-content/uploads/2019/06/Captureؤض.png]
[localhost_8080/portfolio/works/cat/smart-mobility/index.html]
[localhost_8080/portfolio/wp-json/wp/v2/portfolio_cat/99.json]
[localhost_8080/portfolio/works/cat/spa/feed/index.html]
[localhost_8080/portfolio/works/cat/spa/index.html]
[localhost_8080/portfolio/wp-json/wp/v2/portfolio_cat/93.json]
[localhost_8080/portfolio/works/cat/legal/feed/index.html]
[localhost_8080/portfolio/works/cat/legal/index.html]
[cdn.jsdelivr.net/npm/bootstrap@5.3.0-alpha1/dist/css/bootstrap.min.css]
[localhost_8080/portfolio/wp-content/plugins/elementor/assets/css/widget-icon-box.min.css]
[localhost_8080/portfolio/wp-content/plugins/codevz-plus/wpbakery/assets/css/gallery946e.css]
[localhost_8080/portfolio/wp-content/plugins/codevz-plus/wpbakery/assets/css/carousel946e.css]
[localhost_8080/portfolio/wp-content/plugins/codevz-plus/assets/css/parallax946e.css]
[localhost_8080/portfolio/wp-content/plugins/codevz-plus/wpbakery/assets/css/title946e.css]
[localhost_8080/portfolio/wp-content/plugins/codevz-plus/wpbakery/assets/css/button946e.css]
[localhost_8080/portfolio/wp-content/plugins/codevz-plus/admin/assets/css/font-awesome/webfonts/fa-brands-400.svg]
[localhost_8080/portfolio/wp-content/plugins/codevz-plus/admin/assets/css/font-awesome/webfonts/fa-regular-400.svg]
[localhost_8080/portfolio/wp-content/plugins/codevz-plus/admin/assets/css/font-awesome/webfonts/fa-solid-900.svg]
[localhost_8080/portfolio/wp-content/plugins/codevz-plus/admin/fields/codevz_fields/icons/czicons.svg]
[localhost_8080/portfolio/wp-content/plugins/woocommerce/assets/fonts/star.svg]
[localhost_8080/portfolio/wp-content/plugins/woocommerce/assets/fonts/WooCommerce.svg]
[localhost_8080/portfolio/wp-content/plugins/woocommerce/assets/images/icons/loader.svg]
[localhost_8080/portfolio/wp-content/plugins/woocommerce/assets/images/icons/credit-cards/visa.svg]
[localhost_8080/portfolio/wp-content/plugins/woocommerce/assets/images/icons/credit-cards/mastercard.svg]
[localhost_8080/portfolio/wp-content/plugins/woocommerce/assets/images/icons/credit-cards/laser.svg]
[localhost_8080/portfolio/wp-content/plugins/woocommerce/assets/images/icons/credit-cards/diners.svg]
[localhost_8080/portfolio/wp-content/plugins/woocommerce/assets/images/icons/credit-cards/maestro.svg]
[localhost_8080/portfolio/wp-content/plugins/woocommerce/assets/images/icons/credit-cards/jcb.svg]
[localhost_8080/portfolio/wp-content/plugins/woocommerce/assets/images/icons/credit-cards/amex.svg]
[localhost_8080/portfolio/wp-content/plugins/woocommerce/assets/images/icons/credit-cards/discover.svg]
[localhost_8080/portfolio/wp-content/uploads/elementor/css/post-6a432.css]
[localhost_8080/portfolio/index42dc.html]
[localhost_8080/portfolio/wp-content/plugins/codevz-plus/assets/css/tilt946e.css]
[localhost_8080/portfolio/wp-content/plugins/codevz-plus/wpbakery/assets/css/particles946e.css]
[localhost_8080/portfolio/wp-content/plugins/codevz-plus/wpbakery/assets/css/counter946e.css]
[localhost_8080/portfolio/wp-content/plugins/codevz-plus/wpbakery/assets/css/progress_bar946e.css]
[localhost_8080/portfolio/wp-content/uploads/2024/02/Capturefrr.png]
[localhost_8080/portfolio/works/page/2/index.html]
[localhost_8080/portfolio/wp-content/uploads/elementor/css/post-5007ca7.css]
[localhost_8080/portfolio/wp-content/themes/Xtra-4.4.7_working_with_all_demos-1/assets/css/single946e.css]
[localhost_8080/portfolio/wp-content/uploads/elementor/css/post-937afe2.css]
[localhost_8080/portfolio/indexd0ff.html]
[localhost_8080/portfolio/wp-content/plugins/elementor/assets/lib/animations/animations.minc226.css]
[localhost_8080/portfolio/wp-content/uploads/elementor/css/post-934ebe6.css]
[localhost_8080/portfolio/indexb82b.html]
[localhost_8080/portfolio/wp-content/uploads/elementor/css/post-945917e.css]
[localhost_8080/portfolio/index2a8d.html]
[localhost_8080/portfolio/wp-content/uploads/elementor/css/post-9357bd3.css]
[localhost_8080/portfolio/index3ba5.html]
[localhost_8080/portfolio/wp-includes/css/dist/block-library/style.min84fc.css]
[localhost_8080/portfolio/2024/03/12/hello-world/feed/index.html]
[localhost_8080/portfolio/wp-json/wp/v2/posts/1.json]
[localhost_8080/portfolio/wp-json/oembed/1.0/embed5632.json]
[localhost_8080/portfolio/wp-json/oembed/1.0/embedeebe]
[localhost_8080/portfolio/wp-includes/js/comment-reply.min.14c84fc.delayed]
[localhost_8080/portfolio/2024/03/12/hello-world/index.html]
[localhost_8080/portfolio/author/portfolio/feed/index.html]
[localhost_8080/portfolio/wp-json/wp/v2/users/1.json]
[localhost_8080/portfolio/author/portfolio/index.html]
[localhost_8080/portfolio/2023/12/17/hello-world-3/feed/index.html]
[localhost_8080/portfolio/wp-json/wp/v2/posts/1154.json]
[localhost_8080/portfolio/wp-json/oembed/1.0/embed0cee.json]
[localhost_8080/portfolio/wp-json/oembed/1.0/embed530b]
[localhost_8080/portfolio/2023/12/17/hello-world-3/index.html]
[localhost_8080/portfolio/wp-json/wp/v2/users/2.json]
[localhost_8080/portfolio/author/portfolioo/feed/index.html]
[localhost_8080/portfolio/author/portfolioo/index.html]
[localhost_8080/portfolio/2017/06/10/a-place-of-silence/feed/index.html]
[localhost_8080/portfolio/wp-json/wp/v2/posts/143.json]
[localhost_8080/portfolio/wp-json/oembed/1.0/embed63e7.json]
[localhost_8080/portfolio/wp-json/oembed/1.0/embedf374]
[localhost_8080/portfolio/2017/06/10/a-place-of-silence/index.html]
[localhost_8080/portfolio/wp-json/wp/v2/posts/140.json]
[localhost_8080/portfolio/2017/06/10/how-to-create-a-logo-like-a-pro/feed/index.html]
[localhost_8080/portfolio/wp-json/oembed/1.0/embed2165.json]
[localhost_8080/portfolio/wp-json/oembed/1.0/embed7e0d]
[localhost_8080/portfolio/2017/06/10/how-to-create-a-logo-like-a-pro/index.html]
[localhost_8080/portfolio/blog/page/2/index.html]
[localhost_8080/portfolio/wp-json/wp/v2/tags/20.json]
[localhost_8080/portfolio/tag/article/feed/index.html]
[localhost_8080/portfolio/tag/article/index.html]
[localhost_8080/portfolio/tag/computer/feed/index.html]
[localhost_8080/portfolio/wp-json/wp/v2/tags/21.json]
[localhost_8080/portfolio/tag/computer/index.html]
[localhost_8080/portfolio/tag/developer/feed/index.html]
[localhost_8080/portfolio/wp-json/wp/v2/tags/22.json]
[localhost_8080/portfolio/tag/developer/index.html]
[localhost_8080/portfolio/tag/famous/feed/index.html]
[localhost_8080/portfolio/wp-json/wp/v2/tags/23.json]
[localhost_8080/portfolio/tag/famous/index.html]
[localhost_8080/portfolio/tag/interview/feed/index.html]
[localhost_8080/portfolio/wp-json/wp/v2/tags/24.json]
[localhost_8080/portfolio/tag/interview/index.html]
[localhost_8080/portfolio/tag/it/feed/index.html]
[localhost_8080/portfolio/wp-json/wp/v2/tags/25.json]
[localhost_8080/portfolio/tag/it/index.html]
[localhost_8080/portfolio/tag/learn/feed/index.html]
[localhost_8080/portfolio/wp-json/wp/v2/tags/26.json]
[localhost_8080/portfolio/tag/learn/index.html]
[localhost_8080/portfolio/tag/money/feed/index.html]
[localhost_8080/portfolio/wp-json/wp/v2/tags/27.json]
[localhost_8080/portfolio/tag/money/index.html]
[localhost_8080/portfolio/tag/photography/feed/index.html]
[localhost_8080/portfolio/wp-json/wp/v2/tags/28.json]
[localhost_8080/portfolio/tag/photography/index.html]
[localhost_8080/portfolio/tag/post/feed/index.html]
[localhost_8080/portfolio/wp-json/wp/v2/tags/29.json]
[localhost_8080/portfolio/tag/post/index.html]
[localhost_8080/portfolio/tag/seo/feed/index.html]
[localhost_8080/portfolio/wp-json/wp/v2/tags/30.json]
[localhost_8080/portfolio/tag/seo/index.html]
[localhost_8080/portfolio/wp-json/wp/v2/tags/31.json]
[localhost_8080/portfolio/tag/technology/feed/index.html]
[localhost_8080/portfolio/tag/technology/index.html]
[localhost_8080/portfolio/tag/tutorial/feed/index.html]
[localhost_8080/portfolio/wp-json/wp/v2/tags/32.json]
[localhost_8080/portfolio/tag/tutorial/index.html]
[localhost_8080/portfolio/tag/tuts/feed/index.html]
[localhost_8080/portfolio/wp-json/wp/v2/tags/33.json]
[localhost_8080/portfolio/tag/tuts/index.html]
[localhost_8080/portfolio/tag/website/feed/index.html]
[localhost_8080/portfolio/wp-json/wp/v2/tags/34.json]
[localhost_8080/portfolio/tag/website/index.html]
[localhost_8080/portfolio/wp-json/wp/v2/tags/35.json]
[localhost_8080/portfolio/tag/wordpress/feed/index.html]
[localhost_8080/portfolio/tag/wordpress/index.html]
[localhost_8080/portfolio/tag/wp/feed/index.html]
[localhost_8080/portfolio/wp-json/wp/v2/tags/36.json]
[localhost_8080/portfolio/tag/wp/index.html]
[localhost_8080/portfolio/wp-content/plugins/woocommerce/assets/js/zoom/jquery.zoom.min9a30.js]
[localhost_8080/portfolio/wp-content/plugins/woocommerce/assets/js/flexslider/jquery.flexslider.min3a0a.js]
[localhost_8080/portfolio/wp-content/plugins/woocommerce/assets/js/photoswipe/photoswipe.min7449.js]
[localhost_8080/portfolio/wp-content/plugins/woocommerce/assets/js/photoswipe/photoswipe-ui-default.min7449.js]
[localhost_8080/portfolio/wp-content/plugins/woocommerce/assets/js/frontend/single-product.min9b80.js]
[localhost_8080/portfolio/product/pack-2/feed/index.html]
[localhost_8080/portfolio/wp-json/wp/v2/product/201.json]
[localhost_8080/portfolio/wp-json/oembed/1.0/embed74f9.json]
[localhost_8080/portfolio/wp-json/oembed/1.0/embedd2db]
[localhost_8080/portfolio/wp-content/uploads/2020/01/p9-1.jpg]
[localhost_8080/portfolio/product/pack-2/index.html]
[localhost_8080/portfolio/wp-content/uploads/2020/01/logo-portfolio.jpg]
[localhost_8080/portfolio/wp-content/uploads/2020/01/p9-1-600x600.190.delayed]
[localhost_8080/portfolio/wp-content/uploads/2020/01/p10-1-600x600.jpg]
[localhost_8080/portfolio/wp-content/uploads/2020/01/p7-1-600x600.jpg]
[localhost_8080/portfolio/wp-content/uploads/2020/01/single1-1-600x600.jpg]
[localhost_8080/portfolio/wp-content/uploads/2020/01/p2-1-1-600x600.jpg]
[localhost_8080/portfolio/wp-content/uploads/2020/01/project-12-600x600.jpg]
[localhost_8080/portfolio/wp-content/uploads/2020/01/p8-1-600x600.jpg]
[localhost_8080/portfolio/wp-content/uploads/2020/01/p5-1-600x600.jpg]
[localhost_8080/portfolio/shop/indexd685.html]
[localhost_8080/portfolio/wp-json/wp/v2/product/203.json]
[localhost_8080/portfolio/product/packag-1/feed/index.html]
[localhost_8080/portfolio/wp-json/oembed/1.0/embedc311.json]
[localhost_8080/portfolio/wp-json/oembed/1.0/embed78de]
[localhost_8080/portfolio/wp-content/uploads/2020/01/p10-1.jpg]
[localhost_8080/portfolio/product/packag-1/index.html]
[localhost_8080/portfolio/shop/indexcfd5.html]
[localhost_8080/portfolio/product/package-2/feed/index.html]
[localhost_8080/portfolio/wp-json/wp/v2/product/197.json]
[localhost_8080/portfolio/wp-json/oembed/1.0/embed7dd7.json]
[localhost_8080/portfolio/wp-json/oembed/1.0/embed40f3]
[localhost_8080/portfolio/wp-content/uploads/2020/01/p7-1.jpg]
[localhost_8080/portfolio/product/package-2/index.html]
[localhost_8080/portfolio/shop/indexa3bf.html]
[localhost_8080/portfolio/wp-json/wp/v2/product/198.json]
[localhost_8080/portfolio/product/pro-package/feed/index.html]
[localhost_8080/portfolio/wp-json/oembed/1.0/embed6ffe.json]
[localhost_8080/portfolio/wp-json/oembed/1.0/embedebf9]
[localhost_8080/portfolio/product/pro-package/index.html]
[localhost_8080/portfolio/shop/index6f15.html]
[localhost_8080/portfolio/wp-content/uploads/2020/01/single1-1.jpg]
[localhost_8080/portfolio/product/product-2/feed/index.html]
[localhost_8080/portfolio/wp-json/wp/v2/product/40.json]
[localhost_8080/portfolio/wp-json/oembed/1.0/embed405d.json]
[localhost_8080/portfolio/wp-json/oembed/1.0/embeda023]
[localhost_8080/portfolio/wp-content/uploads/2020/01/p2-1-1.jpg]
[localhost_8080/portfolio/wp-includes/js/underscore.mind584.js]
[localhost_8080/portfolio/wp-includes/js/wp-util.min84fc.js]
[localhost_8080/portfolio/wp-content/plugins/woocommerce/assets/js/frontend/add-to-cart-variation.min9b80.js]
[localhost_8080/portfolio/product/product-2/index.html]
[localhost_8080/portfolio/product/special-pack/feed/index.html]
[localhost_8080/portfolio/wp-json/wp/v2/product/199.json]
[localhost_8080/portfolio/wp-json/oembed/1.0/embed6e8f.json]
[localhost_8080/portfolio/wp-json/oembed/1.0/embedae6d]
[localhost_8080/portfolio/wp-content/uploads/2020/01/project-12.jpg]
[localhost_8080/portfolio/product/special-pack/index.html]
[localhost_8080/portfolio/shop/index4bb2.html]
[localhost_8080/portfolio/wp-json/wp/v2/product/200.json]
[localhost_8080/portfolio/product/ultimate-product/feed/index.html]
[localhost_8080/portfolio/wp-json/oembed/1.0/embedf053.json]
[localhost_8080/portfolio/wp-json/oembed/1.0/embedb24e]
[localhost_8080/portfolio/wp-content/uploads/2020/01/p8-1.jpg]
[localhost_8080/portfolio/product/ultimate-product/index.html]
[localhost_8080/portfolio/shop/index2fff.html]
[localhost_8080/portfolio/wp-json/wp/v2/product/22.json]
[localhost_8080/portfolio/product/unlimited-box/feed/index.html]
[localhost_8080/portfolio/wp-json/oembed/1.0/embed7329.json]
[localhost_8080/portfolio/wp-json/oembed/1.0/embed3ecc]
[localhost_8080/portfolio/product/unlimited-box/index.html]
[localhost_8080/portfolio/wp-content/plugins/codevz-plus/wpbakery/assets/css/popup946e.css]
[localhost_8080/portfolio/wp-content/uploads/elementor/css/post-1899e5.css]
[localhost_8080/portfolio/wp-content/uploads/2020/01/p5-1.jpg]
[localhost_8080/portfolio/index0735.html]
[localhost_8080/portfolio/wp-content/plugins/codevz-plus/wpbakery/assets/css/stylish_list946e.css]
[localhost_8080/portfolio/wp-content/uploads/elementor/css/post-13645451.css]
[localhost_8080/portfolio/indexee0c.html]
[localhost_8080/portfolio/wp-content/uploads/elementor/css/post-1352d201.css]
[localhost_8080/portfolio/index8005.html]
[localhost_8080/portfolio/wp-content/uploads/elementor/css/post-1346f63e.css]
[localhost_8080/portfolio/indexe75f.html]
[localhost_8080/portfolio/wp-content/uploads/elementor/css/post-1298051c.css]
[localhost_8080/portfolio/index57b9.html]
[localhost_8080/portfolio/wp-content/uploads/elementor/css/post-115355c8.css]
[localhost_8080/portfolio/index3f85.html]
[localhost_8080/portfolio/wp-content/uploads/elementor/css/post-1140b092.css]
[localhost_8080/portfolio/indexc7a9.html]
[localhost_8080/portfolio/wp-content/uploads/elementor/css/post-11279efe.css]
[localhost_8080/portfolio/indexe4eb.html]
[localhost_8080/portfolio/wp-content/uploads/elementor/css/post-1118ff10.css]
[localhost_8080/portfolio/index576e.html]
[localhost_8080/portfolio/wp-content/uploads/elementor/css/post-1102318d.css]
[localhost_8080/portfolio/indexc17f.html]
[localhost_8080/portfolio/wp-content/uploads/elementor/css/post-9438661.css]
[localhost_8080/portfolio/index00bf.html]
[localhost_8080/portfolio/wp-content/uploads/elementor/css/post-9420dba.css]
[localhost_8080/portfolio/index92c3.html]
[localhost_8080/portfolio/wp-content/uploads/elementor/css/post-936e5a4.css]
[localhost_8080/portfolio/indexb648.html]
[localhost_8080/portfolio/wp-content/uploads/elementor/css/post-939c2c8.css]
[localhost_8080/portfolio/index68cd.html]
[localhost_8080/portfolio/wp-content/uploads/elementor/css/post-9387f3d.css]
[localhost_8080/portfolio/indexefce.html]
[localhost_8080/portfolio/wp-content/uploads/elementor/css/post-9409f00.css]
[localhost_8080/portfolio/indexb253.html]
[localhost_8080/portfolio/wp-content/uploads/elementor/css/post-9413761.css]
[localhost_8080/portfolio/index1426.html]
[localhost_8080/portfolio/wp-content/uploads/elementor/css/post-9441216.css]
[localhost_8080/portfolio/index2a95.html]
[localhost_8080/portfolio/wp-json/wp/v2/portfolio_tags/57.json]
[localhost_8080/portfolio/works/tags/illustrator/index.html]
[localhost_8080/portfolio/works/tags/illustrator/feed/index.html]
[localhost_8080/portfolio/wp-json/wp/v2/portfolio_tags/64.json]
[localhost_8080/portfolio/works/tags/mockup/feed/index.html]
[localhost_8080/portfolio/works/tags/mockup/index.html]
[localhost_8080/portfolio/wp-json/wp/v2/portfolio_tags/70.json]
[localhost_8080/portfolio/works/tags/photoshop/feed/index.html]
[localhost_8080/portfolio/works/tags/photoshop/index.html]
[localhost_8080/portfolio/works/page/2.html]
[localhost_8080/portfolio/wp-content/themes/Xtra-4.4.7_working_with_all_demos-1/assets/css/comments946e.css]
[localhost_8080/portfolio/wp-content/themes/Xtra-4.4.7_working_with_all_demos-1/assets/css/comments-mobile946e.css]
[localhost_8080/portfolio/indexcff1.html]
[localhost_8080/portfolio/xmlrpc.php]
[localhost_8080/portfolio/wp-content/uploads/2019/06/Captureؤض.png]
[localhost_8080/portfolio/wp-json/wp/v2/categories/1.json]
[localhost_8080/portfolio/category/uncategorized/feed/index.html]
[localhost_8080/portfolio/category/uncategorized/index.html]
[localhost_8080/portfolio/2024/03/12/index.html]
[localhost_8080/portfolio/wp-json/wp/v2/posts/137.json]
[localhost_8080/portfolio/2017/06/10/principles-of-coldness/feed/index.html]
[localhost_8080/portfolio/wp-json/oembed/1.0/embed91ed.json]
[localhost_8080/portfolio/wp-json/oembed/1.0/embed3bf6]
[localhost_8080/portfolio/2017/06/10/principles-of-coldness/index.html]
[localhost_8080/portfolio/wp-content/uploads/2020/01/p8-1-360x320.jpg]
[xtratheme.com/wp-content/uploads/2017/06/ads.jpg]
[localhost_8080/portfolio/2024/03/12/hello-world/index6809.html]
[localhost_8080/portfolio/author/portfolio/page/2/index.html]
[localhost_8080/portfolio/indexed87.html]
[localhost_8080/portfolio/2023/12/17/index.html]
[localhost_8080/portfolio/2023/12/17/hello-world-3/index0e22.html]
[localhost_8080/portfolio/indexdc22.html]
[localhost_8080/portfolio/wp-json/wp/v2/categories/18.json]
[localhost_8080/portfolio/category/tutorial/feed/index.html]
[localhost_8080/portfolio/category/tutorial/index.html]
[localhost_8080/portfolio/2017/06/10/index.html]
[localhost_8080/portfolio/category/updates/feed/index.html]
[localhost_8080/portfolio/wp-json/wp/v2/categories/19.json]
[localhost_8080/portfolio/category/updates/index.html]
[localhost_8080/portfolio/index248a.html]
[localhost_8080/portfolio/category/interview/feed/index.html]
[localhost_8080/portfolio/wp-json/wp/v2/categories/16.json]
[localhost_8080/portfolio/category/interview/index.html]
[localhost_8080/portfolio/category/news/feed/index.html]
[localhost_8080/portfolio/wp-json/wp/v2/categories/17.json]
[localhost_8080/portfolio/category/news/index.html]
[localhost_8080/portfolio/2017/06/10/much-space-in-world/feed/index.html]
[localhost_8080/portfolio/wp-json/wp/v2/posts/134.json]
[localhost_8080/portfolio/wp-json/oembed/1.0/embed9295.json]
[localhost_8080/portfolio/wp-json/oembed/1.0/embed9118]
[localhost_8080/portfolio/2017/06/10/much-space-in-world/index.html]
[localhost_8080/portfolio/2017/06/10/inspired-by-you/feed/index.html]
[localhost_8080/portfolio/wp-json/wp/v2/posts/131.json]
[localhost_8080/portfolio/wp-json/oembed/1.0/embed853c.json]
[localhost_8080/portfolio/wp-json/oembed/1.0/embed97cf]
[localhost_8080/portfolio/2017/06/10/inspired-by-you/index.html]
[localhost_8080/portfolio/blog/page/2.html]
[localhost_8080/portfolio/2017/06/09/hello-world-2/feed/index.html]
[localhost_8080/portfolio/wp-json/wp/v2/posts/159.json]
[localhost_8080/portfolio/wp-json/oembed/1.0/embed9dfd.json]
[localhost_8080/portfolio/wp-json/oembed/1.0/embeda67b]
[localhost_8080/portfolio/2017/06/09/hello-world-2/index.html]
[localhost_8080/portfolio/wp-content/plugins/woocommerce/assets/css/photoswipe/default-skin/default-skin.png]
[localhost_8080/portfolio/wp-content/plugins/woocommerce/assets/css/photoswipe/photoswipe.min9b80.css]
[localhost_8080/portfolio/wp-content/plugins/woocommerce/assets/css/photoswipe/default-skin/preloader.gif]
[localhost_8080/portfolio/wp-content/plugins/woocommerce/assets/css/photoswipe/default-skin/default-skin.min9b80.css]
[localhost_8080/portfolio/index5721.html]
[localhost_8080/portfolio/wp-json/wp/v2/product_cat/50.json]
[localhost_8080/portfolio/product-category/clothing/feed/index.html]
[localhost_8080/portfolio/product-category/clothing/index.html]
[localhost_8080/portfolio/wp-json/wp/v2/product_cat/56.json]
[localhost_8080/portfolio/product-category/hoodies/feed/index.html]
[localhost_8080/portfolio/product-category/hoodies/index.html]
[localhost_8080/portfolio/product/pack-2/index2fff.html]
[localhost_8080/portfolio/product/pack-2/index4bb2.html]
[localhost_8080/portfolio/wp-content/plugins/woocommerce/assets/js/frontend/country-select.min9b80.js]
[localhost_8080/portfolio/wp-content/plugins/woocommerce/assets/js/frontend/address-i18n.min9b80.js]
[localhost_8080/portfolio/wp-content/plugins/woocommerce/assets/js/frontend/cart.min9b80.js]
[localhost_8080/portfolio/wp-content/plugins/woocommerce/assets/js/selectWoo/selectWoo.full.min3204.js]
[localhost_8080/portfolio/wp-json/wp/v2/pages/155.json]
[localhost_8080/portfolio/wp-json/oembed/1.0/embedfc07.json]
[localhost_8080/portfolio/wp-json/oembed/1.0/embede628]
[localhost_8080/portfolio/cart/index.html]
[localhost_8080/portfolio/indexc39e.html]
[localhost_8080/portfolio/wp-json/wp/v2/product_cat/71.json]
[localhost_8080/portfolio/product-category/posters/feed/index.html]
[localhost_8080/portfolio/product-category/posters/index.html]
[localhost_8080/portfolio/index85b3.html]
[localhost_8080/portfolio/product-category/t-shirts/feed/index.html]
[localhost_8080/portfolio/wp-json/wp/v2/product_cat/78.json]
[localhost_8080/portfolio/product-category/t-shirts/index.html]
[localhost_8080/portfolio/product/package-2/index6f15.html]
[localhost_8080/portfolio/product/package-2/indexd685.html]
[localhost_8080/portfolio/indexd1c3.html]
[localhost_8080/portfolio/product/pro-package/indexa3bf.html]
[localhost_8080/portfolio/index3ba0.html]
[localhost_8080/portfolio/product/product-2/index4bb2.html]
[localhost_8080/portfolio/product/product-2/index6f15.html]
[localhost_8080/portfolio/index5051.html]
[localhost_8080/portfolio/product/special-pack/indexd685.html]
[localhost_8080/portfolio/product/special-pack/indexa3bf.html]
[localhost_8080/portfolio/indexdc0d.html]
[localhost_8080/portfolio/product/ultimate-product/indexd685.html]
[localhost_8080/portfolio/product/ultimate-product/index4bb2.html]
[localhost_8080/portfolio/product/ultimate-product/index6f15.html]
[localhost_8080/portfolio/index0345.html]
[localhost_8080/portfolio/product/unlimited-box/indexa3bf.html]
[localhost_8080/portfolio/product/unlimited-box/index6f15.html]
[localhost_8080/portfolio/product/unlimited-box/indexd685.html]
[localhost_8080/portfolio/2024/index.html]
[localhost_8080/portfolio/2024/03/index.html]
[localhost_8080/portfolio/index60d6.html]
[localhost_8080/portfolio/author/portfolio/page/2.html]
[localhost_8080/portfolio/2023/index.html]
[localhost_8080/portfolio/2023/12/index.html]
[localhost_8080/portfolio/2017/index.html]
[localhost_8080/portfolio/2017/06/index.html]
[localhost_8080/portfolio/2017/06/10/page/2/index.html]
[localhost_8080/portfolio/index47f2.html]
[localhost_8080/portfolio/indexd52d.html]
[localhost_8080/portfolio/indexb950.html]
[localhost_8080/portfolio/2017/06/09/index.html]
[localhost_8080/portfolio/wp-content/plugins/woocommerce/assets/css/photoswipe/default-skin/default-skin.svg]
[localhost_8080/portfolio/product-category/clothing/indexd685.html]
[localhost_8080/portfolio/product-category/clothing/indexa3bf.html]
[localhost_8080/portfolio/product-category/clothing/index6f15.html]
[localhost_8080/portfolio/product-category/clothing/index4bb2.html]
[localhost_8080/portfolio/product-category/clothing/index2fff.html]
[localhost_8080/portfolio/product-category/hoodies/indexd685.html]
[localhost_8080/portfolio/product-category/hoodies/index4bb2.html]
[localhost_8080/portfolio/product-category/hoodies/index2fff.html]
[localhost_8080/portfolio/product/pack-2/index6f15.html]
[localhost_8080/portfolio/product/pack-2/indexa3bf.html]
[localhost_8080/portfolio/wp-content/plugins/woocommerce/assets/css/select29b80.css]
[localhost_8080/portfolio/index43b2.html]
[localhost_8080/portfolio/cart/index4f91.html]
[localhost_8080/portfolio/cart/indexb989.html]
[localhost_8080/portfolio/cart/index83e7.html]
[localhost_8080/portfolio/cart/index73ec.html]
[localhost_8080/portfolio/cart/index6e87.html]
[localhost_8080/portfolio/wp-content/plugins/woocommerce/assets/js/frontend/checkout.min9b80.js]
[localhost_8080/portfolio/wp-json/wp/v2/pages/156.json]
[localhost_8080/portfolio/wp-json/oembed/1.0/embed39b7.json]
[localhost_8080/portfolio/wp-json/oembed/1.0/embedf8a3]
[localhost_8080/portfolio/checkout/index.html]
[localhost_8080/portfolio/product-category/posters/indexcfd5.html]
[localhost_8080/portfolio/product-category/t-shirts/indexa3bf.html]
[localhost_8080/portfolio/product-category/t-shirts/index6f15.html]
[localhost_8080/portfolio/product/package-2/index4bb2.html]
[localhost_8080/portfolio/product/pro-package/index2fff.html]
[localhost_8080/portfolio/product/product-2/indexd685.html]
[localhost_8080/portfolio/product/product-2/indexa3bf.html]
[localhost_8080/portfolio/product/special-pack/index2fff.html]
[localhost_8080/portfolio/product/ultimate-product/indexa3bf.html]
[localhost_8080/portfolio/product/unlimited-box/index4bb2.html]
[localhost_8080/portfolio/product/unlimited-box/index2fff.html]
[localhost_8080/portfolio/2017/page/2/index.html]
[localhost_8080/portfolio/2017/06/page/2/index.html]
[localhost_8080/portfolio/2017/06/10/page/2.html]
[localhost_8080/portfolio/cart/indexaafe.html]
[localhost_8080/portfolio/indexd1a7.html]
[localhost_8080/portfolio/cart/index113e.html]
[localhost_8080/portfolio/cart/index501c.html]
[localhost_8080/portfolio/cart/index000f.html]
[localhost_8080/portfolio/index3b72.html]
[localhost_8080/portfolio/product/package-2/index2fff.html]
[localhost_8080/portfolio/product/pro-package/indexd685.html]
[localhost_8080/portfolio/product/pro-package/index4bb2.html]
[localhost_8080/portfolio/2017/page/2.html]
[localhost_8080/portfolio/2017/06/page/2.html]
[localhost_8080/portfolio/cart/indexed79.html]
